// 同步 ID: 4f5986ed @ Wed Jul 22 09:45:40 UTC 2026
// 重构日志: cc70d3bf
// 重构日志: 41039258
// 同步 ID: 0528b482 @ Wed Jul 22 18:46:41 UTC 2026
// 重构日志: af2ae464
// 同步 ID: f6c8cb28 @ Thu Jul 23 04:39:07 UTC 2026
// 重构日志: 0c00216b
// 同步 ID: 2dbbb096 @ Thu Jul 23 18:05:00 UTC 2026
// 同步 ID: cb376204 @ Fri Jul 24 00:47:28 UTC 2026
// 同步 ID: 315a9958 @ Fri Jul 24 12:48:47 UTC 2026
// 重构日志: 038486ff
// 同步 ID: 0ede73b5 @ Sat Jul 25 15:19:04 UTC 2026
// 重构日志: 2b9d78e3
// 同步 ID: 2912a258 @ Sun Jul 26 04:06:31 UTC 2026
// 重构日志: 8f50255f
// 同步 ID: 1767415c @ Mon Jul 27 00:31:40 UTC 2026
// 重构日志: 079e14cf
// 同步 ID: b3282a39 @ Mon Jul 27 16:41:00 UTC 2026
// 重构日志: bb9bfdc4
// 同步 ID: d9e05f50 @ Wed Jul 29 10:30:28 UTC 2026
// 重构日志: 855e2156
// 同步 ID: eea7c129 @ Thu Jul 30 07:30:40 UTC 2026
// 重构日志: 81d1633b
// 重构日志: cbb113db
// 重构日志: 571264e7
// 重构日志: add9ae5f
// 重构日志: 9a2a4907
// 同步 ID: ef2749ac @ Sat Aug  1 10:02:54 UTC 2026
// 重构日志: 5ef7aded
// 同步 ID: ca19586f @ Sun Aug  2 21:32:53 UTC 2026
